✔ [7357/7410] Built RHLean.Proof.OrthogonalResidual (24s)
✔ [7362/7410] Built RHLean.Proof.FinitePartialMoments (25s)
✔ [7370/7410] Built RHLean.Proof.HeightShellGram (7.1s)
✔ [7372/7410] Built RHLean.Proof.ResonantProjection (6.3s)
✔ [7375/7410] Built RHLean.Proof.ReducedSquareClassMod40 (5.6s)
✔ [7376/7410] Built RHLean.Proof.ResonantLeakage (5.9s)
✔ [7377/7410] Built RHLean.Proof.ActualResidualDecomposition (6.2s)
✔ [7378/7410] Built RHLean.Proof.BlockLyapunovClosure (6.7s)
✔ [7379/7410] Built RHLean.Proof.ResonantCofactorCancellation (6.9s)
✔ [7380/7410] Built RHLean.Proof.ActualForcingEstimates (7.4s)
✔ [7381/7410] Built RHLean.Proof.JointGramControl (6.5s)
✔ [7382/7410] Built RHLean.Verification.FiniteRangeCertificates (4.8s)
✔ [7383/7410] Built RHLean.Proof.UniformResidualBound (4.2s)
✔ [7384/7410] Built RHLean.Proof.ActualStartSignedFrame (4.1s)
✔ [7385/7410] Built RHLean.Proof.ActualStartLocalSignedFrame (4.1s)
✔ [7386/7410] Built RHLean.Proof.RiemannHypothesisBridge (3.8s)
✔ [7387/7410] Built RHLean.Proof.GeometricRHReduction (6.2s)
ℹ [7388/7410] Built RHLean.Analysis.SquarePrefixMertensBridge (14s)
info: RHLean/Analysis/SquarePrefixMertensBridge.lean:237:8: Try this:
  ring_nf
  
  The `ring` tactic failed to close the goal. Use `ring_nf` to obtain a normal form.
    
  Note that `ring` works primarily in *commutative* rings. If you have a noncommutative ring, abelian group or module, consider using `noncomm_ring`, `abel` or `module` instead.
✔ [7389/7410] Built RHLean.Proof.NormalizedCofactorExpansion (7.4s)
✔ [7390/7410] Built RHLean.Analysis.ConcreteSquarePrefixGeometry (10s)
✔ [7391/7410] Built RHLean.Proof.ConcreteSquarePrefixCofactorRealization (6.3s)
✔ [7392/7410] Built RHLean.Proof.NormalizedCofactorTripling (5.9s)
✔ [7393/7410] Built RHLean.Analysis.CanonicalHighSectorCore (7.3s)
✔ [7394/7410] Built RHLean.Analysis.MathlibMertensHook (5.5s)
✔ [7395/7410] Built RHLean.Analysis.SquarePrefixHeightPartition (6.0s)
✔ [7396/7410] Built RHLean.Analysis.CanonicalLowOccupancy (13s)
✔ [7397/7410] Built RHLean.Proof.FareyModesAndTransportWindows (8.9s)
✔ [7398/7410] Built RHLean.Analysis.CanonicalHighSectorBridge (5.5s)
✔ [7399/7410] Built RHLean.Proof.ConcreteSquarePrefixHighResidual (6.8s)
✔ [7400/7410] Built RHLean.Proof.RealSquareBlockIncrements (6.4s)
✔ [7401/7410] Built RHLean.Proof.CanonicalHighSectorCovariance (8.2s)
✔ [7402/7410] Built RHLean.Proof.TriplingPacketTransport (8.1s)
✔ [7403/7410] Built RHLean.Proof.SquareBlockPartialMomentBalance (7.3s)
✔ [7404/7410] Built RHLean.Proof.SquareBlockSmoothTransportGram (5.9s)
✔ [7405/7410] Built RHLean.Proof.CompleteHighFamilyDecomposition (7.0s)
✔ [7406/7410] Built RHLean.Proof.SquareBlockIncrementEnergy (7.9s)
✔ [7407/7410] Built RHLean.Proof.SquareBlockTransportBaseline (5.7s)
✖ [7408/7410] Building RHLean.Proof.ConcreteHighFamilyJointGram (4.9s)
trace: .> LEAN_PATH=/home/runner/work/RH_Lean/RH_Lean/.lake/packages/Cli/.lake/build/lib/lean:/home/runner/work/RH_Lean/RH_Lean/.lake/packages/batteries/.lake/build/lib/lean:/home/runner/work/RH_Lean/RH_Lean/.lake/packages/Qq/.lake/build/lib/lean:/home/runner/work/RH_Lean/RH_Lean/.lake/packages/aesop/.lake/build/lib/lean:/home/runner/work/RH_Lean/RH_Lean/.lake/packages/proofwidgets/.lake/build/lib/lean:/home/runner/work/RH_Lean/RH_Lean/.lake/packages/importGraph/.lake/build/lib/lean:/home/runner/work/RH_Lean/RH_Lean/.lake/packages/LeanSearchClient/.lake/build/lib/lean:/home/runner/work/RH_Lean/RH_Lean/.lake/packages/plausible/.lake/build/lib/lean:/home/runner/work/RH_Lean/RH_Lean/.lake/packages/mathlib/.lake/build/lib/lean:/home/runner/work/RH_Lean/RH_Lean/.lake/build/lib/lean /home/runner/.elan/toolchains/leanprover--lean4---v4.24.0/bin/lean /home/runner/work/RH_Lean/RH_Lean/RHLean/Proof/ConcreteHighFamilyJointGram.lean -o /home/runner/work/RH_Lean/RH_Lean/.lake/build/lib/lean/RHLean/Proof/ConcreteHighFamilyJointGram.olean -i /home/runner/work/RH_Lean/RH_Lean/.lake/build/lib/lean/RHLean/Proof/ConcreteHighFamilyJointGram.ilean -c /home/runner/work/RH_Lean/RH_Lean/.lake/build/ir/RHLean/Proof/ConcreteHighFamilyJointGram.c --setup /home/runner/work/RH_Lean/RH_Lean/.lake/build/ir/RHLean/Proof/ConcreteHighFamilyJointGram.setup.json --json
error: RHLean/Proof/ConcreteHighFamilyJointGram.lean:92:16: Unknown identifier `RHLean.Proof.ResonantProjectionSkeleton`
error: RHLean/Proof/ConcreteHighFamilyJointGram.lean:102:16: Unknown identifier `RHLean.Proof.ResonantProjectionSkeleton`
error: RHLean/Proof/ConcreteHighFamilyJointGram.lean:118:16: Unknown identifier `RHLean.Proof.ResonantProjectionSkeleton`
error: RHLean/Proof/ConcreteHighFamilyJointGram.lean:137:16: Unknown identifier `RHLean.Proof.ResonantProjectionSkeleton`
error: RHLean/Proof/ConcreteHighFamilyJointGram.lean:146:16: Unknown identifier `RHLean.Proof.ResonantProjectionSkeleton`
error: RHLean/Proof/ConcreteHighFamilyJointGram.lean:153:6: Unknown identifier `squarePrefixHighTransportFamily_energy_eq_jointGram`
error: RHLean/Proof/ConcreteHighFamilyJointGram.lean:152:54: unsolved goals
skeleton : sorry
M : ℕ
hcutoff : 0 < sorry
Λ : ℝ
n : ℕ
bound : ℝ
hestimate : SquarePrefixHighFullFamilyJointGramEstimateAt skeleton M hcutoff Λ n bound
⊢ ‖squarePrefixHighTransportFamilyContribution sorry M ⋯ Λ n‖ ^ 2 ≤ bound
error: RHLean/Proof/ConcreteHighFamilyJointGram.lean:160:16: Unknown identifier `RHLean.Proof.ResonantProjectionSkeleton`
error: RHLean/Proof/ConcreteHighFamilyJointGram.lean:169:16: Unknown identifier `RHLean.Proof.ResonantProjectionSkeleton`
error: Lean exited with code 1
Some required targets logged failures:
- RHLean.Proof.ConcreteHighFamilyJointGram
error: build failed
